10/03/2026 10:50:49 -- Generating bare shacl structure
10/03/2026 10:50:49 -- Bare shacl structure done
10/03/2026 10:50:49 -- Adding counts
10/03/2026 10:50:49 -- -------------
10/03/2026 10:50:49 -- http://example.com/shapes/d3bb9a33-bfef-44c2-be32-67c271e8080a ~ http://data.lblod.info/vocabularies/contacthub/AgentInPositie
10/03/2026 10:50:49 -- 	N42b9c6bb5e504ded87a7a214d70ba6cc | http://data.vlaanderen.be/ns/mandaat#status > http://lblod.data.gift/vocabularies/organisatie/MandatarisStatusCode
10/03/2026 10:50:49 -- 		 min: 1 (min found at subject)
10/03/2026 10:50:49 -- 		 max: 1 (max found at subject)
10/03/2026 10:50:49 -- 		 shacl-min: 1
10/03/2026 10:50:49 -- 		 shacl-max: 1
10/03/2026 10:50:49 -- 	Nfbc3caf266e94b2d8779aa3bebbdd2e3 | http://data.vlaanderen.be/ns/mandaat#status > http://mu.semte.ch/vocabularies/ext/MandatarisStatusCode
10/03/2026 10:50:49 -- 		 min: 1 (min found at subject)
10/03/2026 10:50:49 -- 		 max: 1 (max found at subject)
10/03/2026 10:50:49 -- 		 shacl-min: 1
10/03/2026 10:50:49 -- 		 shacl-max: 1
10/03/2026 10:50:49 -- 	Nce1e3e2d964a4739b255fba779242234 | http://data.vlaanderen.be/ns/mandaat#status > http://www.w3.org/2004/02/skos/core#Concept
10/03/2026 10:50:49 -- 		 min: 1 (min found at subject)
10/03/2026 10:50:49 -- 		 max: 1 (max found at subject)
10/03/2026 10:50:49 -- 		 shacl-min: 1
10/03/2026 10:50:49 -- 		 shacl-max: 1
10/03/2026 10:50:49 -- 	N7c5bf32eaf7b4b4cb48e18d3c48338c9 | http://data.vlaanderen.be/ns/mandaat#beleidsdomein > http://mu.semte.ch/vocabularies/ext/BeleidsdomeinCode
10/03/2026 10:50:49 -- 		 min: 0 (min found at subject)
10/03/2026 10:50:49 -- 		 max: 18 (max found at subject)
10/03/2026 10:50:49 -- 	Na07c4e42f856409bb6344b3e60f95ed4 | http://data.vlaanderen.be/ns/mandaat#beleidsdomein > http://www.w3.org/2004/02/skos/core#Concept
10/03/2026 10:50:49 -- 		 min: 0 (min found at subject)
10/03/2026 10:50:49 -- 		 max: 6 (max found at subject)
10/03/2026 10:50:49 -- 	N5a20f42481874e45b9d0eaeb87135955 | http://data.vlaanderen.be/ns/mandaat#start > [no object/datatype]
10/03/2026 10:50:49 -- 		 min: 0 (min found at subject)
10/03/2026 10:50:49 -- 		 max: 1 (max found at subject)
10/03/2026 10:50:49 -- 		 shacl-max: 1
10/03/2026 10:50:49 -- 	N0d494aa656c046cba044892ac864b237 | http://www.w3.org/ns/org#holds > http://data.vlaanderen.be/ns/mandaat#Mandaat
10/03/2026 10:50:49 -- 		 min: 1 (min found at subject)
10/03/2026 10:50:49 -- 		 max: 1 (max found at subject)
10/03/2026 10:50:49 -- 		 shacl-min: 1
10/03/2026 10:50:49 -- 		 shacl-max: 1
10/03/2026 10:50:49 -- 	Nc2d8dd59c2a5401791a1985968168453 | http://www.w3.org/ns/org#holds > http://www.w3.org/ns/org#Post
10/03/2026 10:50:49 -- 		 min: 1 (min found at subject)
10/03/2026 10:50:49 -- 		 max: 1 (max found at subject)
10/03/2026 10:50:49 -- 		 shacl-min: 1
10/03/2026 10:50:49 -- 		 shacl-max: 1
10/03/2026 10:50:49 -- 	N7684ef99c46b4a8fb4f275a939c08fcd | http://data.vlaanderen.be/ns/mandaat#rangorde > [no object/datatype]
10/03/2026 10:50:49 -- 		 min: 0 (min found at subject)
10/03/2026 10:50:49 -- 		 max: 1 (max found at subject)
10/03/2026 10:50:49 -- 		 shacl-max: 1
10/03/2026 10:50:49 -- 	N77c39aee165f42b08e85f8f0ae620fd8 | http://www.w3.org/ns/org#hasMembership > http://www.w3.org/ns/org#Membership
10/03/2026 10:50:50 -- 		 min: 0 (min found at subject)
10/03/2026 10:50:50 -- 		 max: 1 (max found at subject)
10/03/2026 10:50:50 -- 		 shacl-max: 1
10/03/2026 10:50:50 -- 	N5e34c6929c294829a6a6ca19438cd728 | http://data.vlaanderen.be/ns/mandaat#isBestuurlijkeAliasVan > http://www.w3.org/ns/person#Person
10/03/2026 10:50:50 -- 		 min: 1 (min found at subject)
10/03/2026 10:50:50 -- 		 max: 1 (max found at subject)
10/03/2026 10:50:50 -- 		 shacl-min: 1
10/03/2026 10:50:50 -- 		 shacl-max: 1
10/03/2026 10:50:50 -- 	N0aad551dc5e54e57a99d08674827037b | http://mu.semte.ch/vocabularies/core/uuid > [no object/datatype]
10/03/2026 10:50:50 -- 		 min: 1 (min found at subject)
10/03/2026 10:50:50 -- 		 max: 1 (max found at subject)
10/03/2026 10:50:50 -- 		 shacl-min: 1
10/03/2026 10:50:50 -- 		 shacl-max: 1
10/03/2026 10:50:50 -- 	Necf250e8b0b245e48de326e04af4c723 | http://data.vlaanderen.be/ns/mandaat#einde > [no object/datatype]
10/03/2026 10:50:50 -- 		 min: 1 (min found at subject)
10/03/2026 10:50:50 -- 		 max: 1 (max found at subject)
10/03/2026 10:50:50 -- 		 shacl-min: 1
10/03/2026 10:50:50 -- 		 shacl-max: 1
10/03/2026 10:50:50 -- http://example.com/shapes/07b0bc0b-8742-4b63-a8de-9b60d8479c32 ~ http://mu.semte.ch/vocabularies/ext/BeleidsdomeinCode
10/03/2026 10:50:50 -- 	N607ae131cf0745e7a56ef70a2741e0c6 | http://www.w3.org/2004/02/skos/core#prefLabel > [no object/datatype]
10/03/2026 10:50:50 -- 		 min: 1 (min found at subject)
10/03/2026 10:50:50 -- 		 max: 1 (max found at subject)
10/03/2026 10:50:50 -- 		 shacl-min: 1
10/03/2026 10:50:50 -- 		 shacl-max: 1
10/03/2026 10:50:50 -- 	N38c481ea85b3481bbfd5b1148eca7c9b | http://mu.semte.ch/vocabularies/core/uuid > [no object/datatype]
10/03/2026 10:50:50 -- 		 min: 1 (min found at subject)
10/03/2026 10:50:50 -- 		 max: 1 (max found at subject)
10/03/2026 10:50:50 -- 		 shacl-min: 1
10/03/2026 10:50:50 -- 		 shacl-max: 1
10/03/2026 10:50:50 -- http://example.com/shapes/e6d9569a-4d2f-4bd5-9ae5-1b04b61de8a3 ~ http://www.w3.org/2004/02/skos/core#Concept
10/03/2026 10:50:50 -- 	Nd5cb6c36d3484c7cae4ec6f054cb7697 | http://mu.semte.ch/vocabularies/core/uuid > [no object/datatype]
10/03/2026 10:50:50 -- 		 min: 1 (min found at subject)
10/03/2026 10:50:50 -- 		 max: 1 (max found at subject)
10/03/2026 10:50:50 -- 		 shacl-min: 1
10/03/2026 10:50:50 -- 		 shacl-max: 1
10/03/2026 10:50:50 -- 	N9bb5237031ce410ea025f58ee13d7133 | http://www.w3.org/2000/01/rdf-schema#label > [no object/datatype]
10/03/2026 10:50:50 -- 		 min: 0 (min found at subject)
10/03/2026 10:50:50 -- 		 max: 1 (max found at subject)
10/03/2026 10:50:50 -- 		 shacl-max: 1
10/03/2026 10:50:50 -- 	Nb53decb370894d5198c83338594f6beb | http://www.w3.org/2004/02/skos/core#prefLabel > [no object/datatype]
10/03/2026 10:50:50 -- 		 min: 0 (min found at subject)
10/03/2026 10:50:50 -- 		 max: 3 (max found at subject)
10/03/2026 10:50:50 -- 	N02d1c7b8522c47e393a565b8cf1383bd | http://mu.semte.ch/vocabularies/ext/werkingsgebiedNiveau > [no object/datatype]
10/03/2026 10:50:50 -- 		 min: 0 (min found at subject)
10/03/2026 10:50:50 -- 		 max: 1 (max found at subject)
10/03/2026 10:50:50 -- 		 shacl-max: 1
10/03/2026 10:50:50 -- http://example.com/shapes/5edd29cf-8875-4f96-b673-24e41a592f76 ~ http://www.w3.org/ns/person#Person
10/03/2026 10:50:50 -- 	N4f0301edcb204af89ca76dbf8df9bd00 | http://mu.semte.ch/vocabularies/core/uuid > [no object/datatype]
10/03/2026 10:50:50 -- 		 min: 1 (min found at subject)
10/03/2026 10:50:50 -- 		 max: 2 (max found at subject)
10/03/2026 10:50:50 -- 		 shacl-min: 1
10/03/2026 10:50:50 -- 	Nfe1bc83457b745abae70a29052e6128c | http://data.vlaanderen.be/ns/persoon#gebruikteVoornaam > [no object/datatype]
10/03/2026 10:50:50 -- 		 min: 0 (min found at subject)
10/03/2026 10:50:50 -- 		 max: 2 (max found at subject)
10/03/2026 10:50:50 -- 	N6a468a50919d4dda93e70c101274ae1a | http://xmlns.com/foaf/0.1/name > [no object/datatype]
10/03/2026 10:50:50 -- 		 min: 0 (min found at subject)
10/03/2026 10:50:50 -- 		 max: 1 (max found at subject)
10/03/2026 10:50:50 -- 		 shacl-max: 1
10/03/2026 10:50:50 -- 	Nd6646f68b0c44a0383cf2be0c497b8d7 | http://xmlns.com/foaf/0.1/familyName > [no object/datatype]
10/03/2026 10:50:50 -- 		 min: 1 (min found at subject)
10/03/2026 10:50:50 -- 		 max: 1 (max found at subject)
10/03/2026 10:50:50 -- 		 shacl-min: 1
10/03/2026 10:50:50 -- 		 shacl-max: 1
10/03/2026 10:50:50 -- 	N39d5ce09f614426eb609cf98396a0c9f | http://www.w3.org/2002/07/owl#sameAs > http://www.w3.org/ns/person#Person
10/03/2026 10:50:50 -- 		 min: 0 (min found at subject)
10/03/2026 10:50:50 -- 		 max: 2 (max found at subject)
10/03/2026 10:50:50 -- http://example.com/shapes/3ef554be-91ef-4d33-a8a6-00c71d253488 ~ http://lblod.data.gift/vocabularies/organisatie/MandatarisStatusCode
10/03/2026 10:50:50 -- 	N49ebc89a9fca448b9f1288443fa81892 | http://www.w3.org/2004/02/skos/core#prefLabel > [no object/datatype]
10/03/2026 10:50:50 -- 		 min: 1 (min found at subject)
10/03/2026 10:50:50 -- 		 max: 1 (max found at subject)
10/03/2026 10:50:50 -- 		 shacl-min: 1
10/03/2026 10:50:50 -- 		 shacl-max: 1
10/03/2026 10:50:50 -- 	Nabd203e754eb4a2e9c7edb6e80cd9049 | http://mu.semte.ch/vocabularies/core/uuid > [no object/datatype]
10/03/2026 10:50:50 -- 		 min: 1 (min found at subject)
10/03/2026 10:50:50 -- 		 max: 1 (max found at subject)
10/03/2026 10:50:50 -- 		 shacl-min: 1
10/03/2026 10:50:50 -- 		 shacl-max: 1
10/03/2026 10:50:50 -- http://example.com/shapes/e4d91af3-d0d9-4643-9967-35840a01c056 ~ http://mu.semte.ch/vocabularies/ext/MandatarisStatusCode
10/03/2026 10:50:50 -- 	N17418cddb7394c28b605bee6d8e7063d | http://mu.semte.ch/vocabularies/core/uuid > [no object/datatype]
10/03/2026 10:50:50 -- 		 min: 1 (min found at subject)
10/03/2026 10:50:50 -- 		 max: 1 (max found at subject)
10/03/2026 10:50:50 -- 		 shacl-min: 1
10/03/2026 10:50:50 -- 		 shacl-max: 1
10/03/2026 10:50:50 -- 	Nfb0ac1aa94d44a298d48ff8445190157 | http://www.w3.org/2004/02/skos/core#prefLabel > [no object/datatype]
10/03/2026 10:50:50 -- 		 min: 1 (min found at subject)
10/03/2026 10:50:50 -- 		 max: 1 (max found at subject)
10/03/2026 10:50:50 -- 		 shacl-min: 1
10/03/2026 10:50:50 -- 		 shacl-max: 1
10/03/2026 10:50:50 -- http://example.com/shapes/07ede95b-3a97-42a5-b438-8c1e7e0173a4 ~ http://www.w3.org/ns/org#Membership
10/03/2026 10:50:50 -- 	N4de26e96579b4ef3868c9dd42e3db962 | http://mu.semte.ch/vocabularies/core/uuid > [no object/datatype]
10/03/2026 10:50:50 -- 		 min: 1 (min found at subject)
10/03/2026 10:50:50 -- 		 max: 2 (max found at subject)
10/03/2026 10:50:50 -- 		 shacl-min: 1
10/03/2026 10:50:50 -- 	N201278b09fde4746b6c2bed5a1db9925 | http://www.w3.org/ns/org#organisation > http://data.vlaanderen.be/ns/mandaat#Fractie
10/03/2026 10:50:50 -- 		 min: 0 (min found at subject)
10/03/2026 10:50:50 -- 		 max: 2 (max found at subject)
10/03/2026 10:50:50 -- 	N4a76ff7e100040dfb51df55cf6e7c773 | http://www.w3.org/ns/org#organisation > http://www.w3.org/ns/activitystreams#Tombstone
10/03/2026 10:50:50 -- 		 min: 0 (min found at subject)
10/03/2026 10:50:50 -- 		 max: 1 (max found at subject)
10/03/2026 10:50:50 -- 		 shacl-max: 1
10/03/2026 10:50:50 -- http://example.com/shapes/8e9507d4-78b5-4283-92ab-924a445f84ed ~ http://data.vlaanderen.be/ns/mandaat#Mandaat
10/03/2026 10:50:50 -- 	N6443dab5ff3b4fd6b02f012e0e651e24 | http://data.vlaanderen.be/ns/mandaat#aantalHouders > [no object/datatype]
10/03/2026 10:50:50 -- 		 min: 0 (min found at subject)
10/03/2026 10:50:50 -- 		 max: 1 (max found at subject)
10/03/2026 10:50:50 -- 		 shacl-max: 1
10/03/2026 10:50:50 -- 	Nd2f71f75d18d4836bccfe34af91dd356 | http://www.w3.org/ns/org#role > http://lblod.data.gift/vocabularies/organisatie/BestuursfunctieCode
10/03/2026 10:50:50 -- 		 min: 0 (min found at subject)
10/03/2026 10:50:50 -- 		 max: 1 (max found at subject)
10/03/2026 10:50:50 -- 		 shacl-max: 1
10/03/2026 10:50:50 -- 	N4b29204526104246802fec46eee6342e | http://www.w3.org/ns/org#role > http://mu.semte.ch/vocabularies/ext/BestuursfunctieCode
10/03/2026 10:50:50 -- 		 min: 0 (min found at subject)
10/03/2026 10:50:50 -- 		 max: 1 (max found at subject)
10/03/2026 10:50:50 -- 		 shacl-max: 1
10/03/2026 10:50:50 -- 	N44481af08f754994aba4caddd3b1b35d | http://mu.semte.ch/vocabularies/core/uuid > [no object/datatype]
10/03/2026 10:50:50 -- 		 min: 1 (min found at subject)
10/03/2026 10:50:50 -- 		 max: 1 (max found at subject)
10/03/2026 10:50:50 -- 		 shacl-min: 1
10/03/2026 10:50:50 -- 		 shacl-max: 1
10/03/2026 10:50:50 -- http://example.com/shapes/e6827487-a10f-4bad-a2c9-806a2d25fb69 ~ http://www.w3.org/ns/org#Post
10/03/2026 10:50:50 -- 	N98d95fc4077a4cce992cbf33532ca6b4 | http://data.vlaanderen.be/ns/mandaat#aantalHouders > [no object/datatype]
10/03/2026 10:50:50 -- 		 min: 0 (min found at subject)
10/03/2026 10:50:50 -- 		 max: 1 (max found at subject)
10/03/2026 10:50:50 -- 		 shacl-max: 1
10/03/2026 10:50:50 -- 	Ne8c1ea02a8ca4f34a407535b2bb649fd | http://mu.semte.ch/vocabularies/core/uuid > [no object/datatype]
10/03/2026 10:50:50 -- 		 min: 1 (min found at subject)
10/03/2026 10:50:50 -- 		 max: 1 (max found at subject)
10/03/2026 10:50:50 -- 		 shacl-min: 1
10/03/2026 10:50:50 -- 		 shacl-max: 1
10/03/2026 10:50:50 -- 	Nc5e1c0f69a7f4ce2aec0f68fd8443a8c | http://www.w3.org/ns/org#role > http://lblod.data.gift/vocabularies/organisatie/BestuursfunctieCode
10/03/2026 10:50:50 -- 		 min: 0 (min found at subject)
10/03/2026 10:50:50 -- 		 max: 1 (max found at subject)
10/03/2026 10:50:50 -- 		 shacl-max: 1
10/03/2026 10:50:50 -- 	Ndc3c909706b5493799ae0909813f3430 | http://www.w3.org/ns/org#role > http://mu.semte.ch/vocabularies/ext/BestuursfunctieCode
10/03/2026 10:50:50 -- 		 min: 0 (min found at subject)
10/03/2026 10:50:50 -- 		 max: 1 (max found at subject)
10/03/2026 10:50:50 -- 		 shacl-max: 1
10/03/2026 10:50:50 -- http://example.com/shapes/35649662-bb7b-49cd-bb8d-9156772bd891 ~ http://data.lblod.info/vocabularies/erediensten/BestuurVanDeEredienst
10/03/2026 10:50:50 -- 	N8d80135e41b64c8fa7f79289a1a44335 | http://www.w3.org/2004/02/skos/core#prefLabel > [no object/datatype]
10/03/2026 10:50:50 -- 		 min: 1 (min found at subject)
10/03/2026 10:50:50 -- 		 max: 1 (max found at subject)
10/03/2026 10:50:50 -- 		 shacl-min: 1
10/03/2026 10:50:50 -- 		 shacl-max: 1
10/03/2026 10:50:50 -- 	N8999444897444992a60f5012f641f23c | http://www.w3.org/2004/02/skos/core#altLabel > [no object/datatype]
10/03/2026 10:50:50 -- 		 min: 0 (min found at subject)
10/03/2026 10:50:50 -- 		 max: 2 (max found at subject)
10/03/2026 10:50:50 -- 	N34e0c2cc271540b5b1ab94f4130f1861 | http://data.vlaanderen.be/ns/besluit#werkingsgebied > http://www.w3.org/2004/02/skos/core#Concept
10/03/2026 10:50:50 -- 		 min: 0 (min found at subject)
10/03/2026 10:50:50 -- 		 max: 1 (max found at subject)
10/03/2026 10:50:50 -- 		 shacl-max: 1
10/03/2026 10:50:50 -- 	Naefcea92bfe34370b3f56ce97afcf2e9 | http://data.vlaanderen.be/ns/besluit#werkingsgebied > http://www.w3.org/ns/prov#Location
10/03/2026 10:50:50 -- 		 min: 0 (min found at subject)
10/03/2026 10:50:50 -- 		 max: 1 (max found at subject)
10/03/2026 10:50:50 -- 		 shacl-max: 1
10/03/2026 10:50:50 -- 	Na4e3b39f872349aa95f34719a4288635 | http://data.vlaanderen.be/ns/besluit#classificatie > http://lblod.data.gift/vocabularies/organisatie/BestuurseenheidClassificatieCode
10/03/2026 10:50:50 -- 		 min: 1 (min found at subject)
10/03/2026 10:50:50 -- 		 max: 1 (max found at subject)
10/03/2026 10:50:50 -- 		 shacl-min: 1
10/03/2026 10:50:50 -- 		 shacl-max: 1
10/03/2026 10:50:50 -- 	N324ec6515e2a40179ecebbe248972cf5 | http://data.vlaanderen.be/ns/besluit#classificatie > http://mu.semte.ch/vocabularies/ext/BestuurseenheidClassificatieCode
10/03/2026 10:50:50 -- 		 min: 1 (min found at subject)
10/03/2026 10:50:50 -- 		 max: 1 (max found at subject)
10/03/2026 10:50:50 -- 		 shacl-min: 1
10/03/2026 10:50:50 -- 		 shacl-max: 1
10/03/2026 10:50:50 -- 	Ne69b5a3521fa4b639e0107f6554eaac5 | http://data.vlaanderen.be/ns/besluit#classificatie > http://mu.semte.ch/vocabularies/ext/OrganizationClassificationCode
10/03/2026 10:50:50 -- 		 min: 1 (min found at subject)
10/03/2026 10:50:50 -- 		 max: 1 (max found at subject)
10/03/2026 10:50:50 -- 		 shacl-min: 1
10/03/2026 10:50:50 -- 		 shacl-max: 1
10/03/2026 10:50:50 -- 	Na3fc565374d8423ea033226f67678526 | http://www.w3.org/ns/org#hasPrimarySite > [no object/datatype]
10/03/2026 10:50:50 -- 		 min: 1 (min found at subject)
10/03/2026 10:50:50 -- 		 max: 1 (max found at subject)
10/03/2026 10:50:50 -- 		 shacl-min: 1
10/03/2026 10:50:50 -- 		 shacl-max: 1
10/03/2026 10:50:50 -- 	N6a227875a973468083ed3970adfbc1c5 | http://mu.semte.ch/vocabularies/core/uuid > [no object/datatype]
10/03/2026 10:50:50 -- 		 min: 1 (min found at subject)
10/03/2026 10:50:50 -- 		 max: 1 (max found at subject)
10/03/2026 10:50:50 -- 		 shacl-min: 1
10/03/2026 10:50:50 -- 		 shacl-max: 1
10/03/2026 10:50:50 -- http://example.com/shapes/f3300114-ac50-4ef6-b98e-c0d8e2356df2 ~ http://lblod.data.gift/vocabularies/organisatie/BestuurseenheidClassificatieCode
10/03/2026 10:50:50 -- 	N59bceb0561ad4f1a8bc76fbe4119cfe1 | http://www.w3.org/2004/02/skos/core#prefLabel > [no object/datatype]
10/03/2026 10:50:50 -- 		 min: 1 (min found at subject)
10/03/2026 10:50:50 -- 		 max: 1 (max found at subject)
10/03/2026 10:50:50 -- 		 shacl-min: 1
10/03/2026 10:50:50 -- 		 shacl-max: 1
10/03/2026 10:50:50 -- 	N2143009bbf4448c9add852631a813b52 | http://mu.semte.ch/vocabularies/core/uuid > [no object/datatype]
10/03/2026 10:50:50 -- 		 min: 1 (min found at subject)
10/03/2026 10:50:50 -- 		 max: 1 (max found at subject)
10/03/2026 10:50:50 -- 		 shacl-min: 1
10/03/2026 10:50:50 -- 		 shacl-max: 1
10/03/2026 10:50:50 -- http://example.com/shapes/01e49a6d-e5b7-42f5-942b-f781a64b52d8 ~ http://mu.semte.ch/vocabularies/ext/BestuurseenheidClassificatieCode
10/03/2026 10:50:50 -- 	N4ba2fe47005a4b40a3fc58eaf216eb78 | http://mu.semte.ch/vocabularies/core/uuid > [no object/datatype]
10/03/2026 10:50:50 -- 		 min: 1 (min found at subject)
10/03/2026 10:50:50 -- 		 max: 1 (max found at subject)
10/03/2026 10:50:50 -- 		 shacl-min: 1
10/03/2026 10:50:50 -- 		 shacl-max: 1
10/03/2026 10:50:50 -- 	N9f014daa5e7f4ab087d07b8fb2674abc | http://www.w3.org/2004/02/skos/core#prefLabel > [no object/datatype]
10/03/2026 10:50:50 -- 		 min: 1 (min found at subject)
10/03/2026 10:50:50 -- 		 max: 1 (max found at subject)
10/03/2026 10:50:50 -- 		 shacl-min: 1
10/03/2026 10:50:50 -- 		 shacl-max: 1
10/03/2026 10:50:50 -- http://example.com/shapes/fd8ffae2-d0b6-467c-b616-1e25990fe68c ~ http://mu.semte.ch/vocabularies/ext/OrganizationClassificationCode
10/03/2026 10:50:50 -- 	Nea70cd7884b34233bc3b65a1052d71e3 | http://www.w3.org/2004/02/skos/core#prefLabel > [no object/datatype]
10/03/2026 10:50:50 -- 		 min: 1 (min found at subject)
10/03/2026 10:50:50 -- 		 max: 1 (max found at subject)
10/03/2026 10:50:50 -- 		 shacl-min: 1
10/03/2026 10:50:50 -- 		 shacl-max: 1
10/03/2026 10:50:50 -- 	Nbaba5ee5357a494d970626061cfc4918 | http://mu.semte.ch/vocabularies/core/uuid > [no object/datatype]
10/03/2026 10:50:50 -- 		 min: 1 (min found at subject)
10/03/2026 10:50:50 -- 		 max: 1 (max found at subject)
10/03/2026 10:50:50 -- 		 shacl-min: 1
10/03/2026 10:50:50 -- 		 shacl-max: 1
10/03/2026 10:50:50 -- http://example.com/shapes/fd0095ab-fdd3-4328-aa11-fdc33437bd37 ~ http://www.w3.org/ns/prov#Location
10/03/2026 10:50:50 -- 	N0ad5cf55328846beb0a8906d0b702446 | http://mu.semte.ch/vocabularies/ext/werkingsgebiedNiveau > [no object/datatype]
10/03/2026 10:50:50 -- 		 min: 1 (min found at subject)
10/03/2026 10:50:50 -- 		 max: 1 (max found at subject)
10/03/2026 10:50:50 -- 		 shacl-min: 1
10/03/2026 10:50:50 -- 		 shacl-max: 1
10/03/2026 10:50:50 -- 	N5342bb4ffadc4df185354cda35d7504d | http://mu.semte.ch/vocabularies/core/uuid > [no object/datatype]
10/03/2026 10:50:50 -- 		 min: 1 (min found at subject)
10/03/2026 10:50:50 -- 		 max: 1 (max found at subject)
10/03/2026 10:50:50 -- 		 shacl-min: 1
10/03/2026 10:50:50 -- 		 shacl-max: 1
10/03/2026 10:50:50 -- 	N3b9e9da089a94ce0b949bc1ab15a2d4e | http://www.w3.org/2000/01/rdf-schema#label > [no object/datatype]
10/03/2026 10:50:50 -- 		 min: 1 (min found at subject)
10/03/2026 10:50:50 -- 		 max: 1 (max found at subject)
10/03/2026 10:50:50 -- 		 shacl-min: 1
10/03/2026 10:50:50 -- 		 shacl-max: 1
10/03/2026 10:50:50 -- http://example.com/shapes/7b3ecfb3-27a4-44e3-9c35-d0fdc4fe4215 ~ http://data.lblod.info/vocabularies/erediensten/CentraalBestuurVanDeEredienst
10/03/2026 10:50:50 -- 	N7dc1d58a7da54dd5bcb2495f288481a6 | http://www.w3.org/ns/org#hasPrimarySite > [no object/datatype]
10/03/2026 10:50:50 -- 		 min: 1 (min found at subject)
10/03/2026 10:50:50 -- 		 max: 1 (max found at subject)
10/03/2026 10:50:50 -- 		 shacl-min: 1
10/03/2026 10:50:50 -- 		 shacl-max: 1
10/03/2026 10:50:50 -- 	Nd3b35058009a4e7988e8dd6808f876ee | http://www.w3.org/2004/02/skos/core#prefLabel > [no object/datatype]
10/03/2026 10:50:50 -- 		 min: 1 (min found at subject)
10/03/2026 10:50:50 -- 		 max: 1 (max found at subject)
10/03/2026 10:50:50 -- 		 shacl-min: 1
10/03/2026 10:50:50 -- 		 shacl-max: 1
10/03/2026 10:50:50 -- 	Nba4c54a408a2406698bfda4b71fc1436 | http://data.vlaanderen.be/ns/besluit#werkingsgebied > http://www.w3.org/ns/prov#Location
10/03/2026 10:50:50 -- 		 min: 1 (min found at subject)
10/03/2026 10:50:50 -- 		 max: 1 (max found at subject)
10/03/2026 10:50:50 -- 		 shacl-min: 1
10/03/2026 10:50:50 -- 		 shacl-max: 1
10/03/2026 10:50:50 -- 	N2acd5db356e142af8fc77a7307d39d46 | http://data.vlaanderen.be/ns/besluit#classificatie > http://lblod.data.gift/vocabularies/organisatie/BestuurseenheidClassificatieCode
10/03/2026 10:50:50 -- 		 min: 1 (min found at subject)
10/03/2026 10:50:50 -- 		 max: 1 (max found at subject)
10/03/2026 10:50:50 -- 		 shacl-min: 1
10/03/2026 10:50:50 -- 		 shacl-max: 1
10/03/2026 10:50:50 -- 	N0a26c956138447c1bc89a8f8e8405f89 | http://data.vlaanderen.be/ns/besluit#classificatie > http://mu.semte.ch/vocabularies/ext/BestuurseenheidClassificatieCode
10/03/2026 10:50:50 -- 		 min: 1 (min found at subject)
10/03/2026 10:50:50 -- 		 max: 1 (max found at subject)
10/03/2026 10:50:50 -- 		 shacl-min: 1
10/03/2026 10:50:50 -- 		 shacl-max: 1
10/03/2026 10:50:50 -- 	Na884d29de098488986f0425a6d3f1f95 | http://data.vlaanderen.be/ns/besluit#classificatie > http://mu.semte.ch/vocabularies/ext/OrganizationClassificationCode
10/03/2026 10:50:50 -- 		 min: 1 (min found at subject)
10/03/2026 10:50:50 -- 		 max: 1 (max found at subject)
10/03/2026 10:50:50 -- 		 shacl-min: 1
10/03/2026 10:50:50 -- 		 shacl-max: 1
10/03/2026 10:50:50 -- 	Nc24537048d7840baa73e01785643b2eb | http://mu.semte.ch/vocabularies/core/uuid > [no object/datatype]
10/03/2026 10:50:50 -- 		 min: 1 (min found at subject)
10/03/2026 10:50:50 -- 		 max: 1 (max found at subject)
10/03/2026 10:50:50 -- 		 shacl-min: 1
10/03/2026 10:50:50 -- 		 shacl-max: 1
10/03/2026 10:50:50 -- http://example.com/shapes/7b623825-ab8d-4668-9841-087811d72c42 ~ http://data.vlaanderen.be/ns/besluit#Bestuurseenheid
10/03/2026 10:50:50 -- 	N0529f05150284766afe5dd57c057a3f0 | http://www.w3.org/ns/org#hasPrimarySite > [no object/datatype]
10/03/2026 10:50:50 -- 		 min: 0 (min found at subject)
10/03/2026 10:50:50 -- 		 max: 1 (max found at subject)
10/03/2026 10:50:50 -- 		 shacl-max: 1
10/03/2026 10:50:50 -- 	N7176778f21034efaadbad087cad85f8f | http://www.w3.org/2004/02/skos/core#prefLabel > [no object/datatype]
10/03/2026 10:50:50 -- 		 min: 1 (min found at subject)
10/03/2026 10:50:50 -- 		 max: 1 (max found at subject)
10/03/2026 10:50:50 -- 		 shacl-min: 1
10/03/2026 10:50:50 -- 		 shacl-max: 1
10/03/2026 10:50:50 -- 	N4033a4411a024e06be20323a1d079fcc | http://data.vlaanderen.be/ns/besluit#werkingsgebied > http://www.w3.org/2004/02/skos/core#Concept
10/03/2026 10:50:50 -- 		 min: 0 (min found at subject)
10/03/2026 10:50:50 -- 		 max: 1 (max found at subject)
10/03/2026 10:50:50 -- 		 shacl-max: 1
10/03/2026 10:50:50 -- 	N0a74ce575d16446d8061c837e5c20b4c | http://data.vlaanderen.be/ns/besluit#werkingsgebied > http://www.w3.org/ns/prov#Location
10/03/2026 10:50:50 -- 		 min: 0 (min found at subject)
10/03/2026 10:50:50 -- 		 max: 1 (max found at subject)
10/03/2026 10:50:50 -- 		 shacl-max: 1
10/03/2026 10:50:50 -- 	N74383bb29d3c4a2185d46936d5423362 | http://www.w3.org/2004/02/skos/core#altLabel > [no object/datatype]
10/03/2026 10:50:50 -- 		 min: 0 (min found at subject)
10/03/2026 10:50:50 -- 		 max: 2 (max found at subject)
10/03/2026 10:50:50 -- 	Nd9a74ba79c314062ba420e1be2249fdb | http://www.w3.org/ns/org#linkedTo > http://data.vlaanderen.be/ns/besluit#Bestuurseenheid
10/03/2026 10:50:50 -- 		 min: 0 (min found at subject)
10/03/2026 10:50:50 -- 		 max: 1 (max found at subject)
10/03/2026 10:50:50 -- 		 shacl-max: 1
10/03/2026 10:50:50 -- 	Ne0f23edc83a54fef8bd73f60009339d8 | http://data.vlaanderen.be/ns/besluit#classificatie > http://lblod.data.gift/vocabularies/organisatie/BestuurseenheidClassificatieCode
10/03/2026 10:50:51 -- 		 min: 1 (min found at subject)
10/03/2026 10:50:51 -- 		 max: 1 (max found at subject)
10/03/2026 10:50:51 -- 		 shacl-min: 1
10/03/2026 10:50:51 -- 		 shacl-max: 1
10/03/2026 10:50:51 -- 	N1f8303fd1ddb4f3a9582c8c2d2efabd9 | http://data.vlaanderen.be/ns/besluit#classificatie > http://mu.semte.ch/vocabularies/ext/BestuurseenheidClassificatieCode
10/03/2026 10:50:51 -- 		 min: 1 (min found at subject)
10/03/2026 10:50:51 -- 		 max: 1 (max found at subject)
10/03/2026 10:50:51 -- 		 shacl-min: 1
10/03/2026 10:50:51 -- 		 shacl-max: 1
10/03/2026 10:50:51 -- 	Nae605f213fb24975ba67f45e70a82754 | http://data.vlaanderen.be/ns/besluit#classificatie > http://mu.semte.ch/vocabularies/ext/OrganizationClassificationCode
10/03/2026 10:50:51 -- 		 min: 1 (min found at subject)
10/03/2026 10:50:51 -- 		 max: 1 (max found at subject)
10/03/2026 10:50:51 -- 		 shacl-min: 1
10/03/2026 10:50:51 -- 		 shacl-max: 1
10/03/2026 10:50:51 -- 	Ncdd2bacfdfb44abfbf3a621e351a333e | http://data.vlaanderen.be/ns/besluit#classificatie > http://www.w3.org/2004/02/skos/core#Concept
10/03/2026 10:50:51 -- 		 min: 0 (min found at subject)
10/03/2026 10:50:51 -- 		 max: 1 (max found at subject)
10/03/2026 10:50:51 -- 		 shacl-max: 1
10/03/2026 10:50:51 -- 	N57f20335e5c54fe69478f86e0ff314ef | http://mu.semte.ch/vocabularies/core/uuid > [no object/datatype]
10/03/2026 10:50:51 -- 		 min: 1 (min found at subject)
10/03/2026 10:50:51 -- 		 max: 1 (max found at subject)
10/03/2026 10:50:51 -- 		 shacl-min: 1
10/03/2026 10:50:51 -- 		 shacl-max: 1
10/03/2026 10:50:51 -- http://example.com/shapes/433258d2-6c40-40da-bf3a-6228321d4f6f ~ http://data.vlaanderen.be/ns/besluit#Bestuursorgaan
10/03/2026 10:50:51 -- 	Nbd87c655200a4448a9466060ff893ed9 | http://www.w3.org/ns/org#hasPost > http://data.vlaanderen.be/ns/mandaat#Mandaat
10/03/2026 10:50:51 -- 		 min: 0 (min found at subject)
10/03/2026 10:50:51 -- 		 max: 11 (max found at subject)
10/03/2026 10:50:51 -- 	Ne56c8aacd39649499f0e3fed39dfb212 | http://www.w3.org/ns/org#hasPost > http://www.w3.org/ns/org#Post
10/03/2026 10:50:51 -- 		 min: 0 (min found at subject)
10/03/2026 10:50:51 -- 		 max: 11 (max found at subject)
10/03/2026 10:50:51 -- 	Nbe182fd56c314211a721ef4dc55050fb | http://data.vlaanderen.be/ns/besluit#bestuurt > http://data.lblod.info/vocabularies/erediensten/BestuurVanDeEredienst
10/03/2026 10:50:51 -- 		 min: 0 (min found at subject)
10/03/2026 10:50:51 -- 		 max: 1 (max found at subject)
10/03/2026 10:50:51 -- 		 shacl-max: 1
10/03/2026 10:50:51 -- 	N46c59cfda0dc4e458805843a33e5fbc7 | http://data.vlaanderen.be/ns/besluit#bestuurt > http://data.lblod.info/vocabularies/erediensten/CentraalBestuurVanDeEredienst
10/03/2026 10:50:51 -- 		 min: 0 (min found at subject)
10/03/2026 10:50:51 -- 		 max: 1 (max found at subject)
10/03/2026 10:50:51 -- 		 shacl-max: 1
10/03/2026 10:50:51 -- 	N2a48222f58504b0f8a799a1d0bd061ba | http://data.vlaanderen.be/ns/besluit#bestuurt > http://data.vlaanderen.be/ns/besluit#Bestuurseenheid
10/03/2026 10:50:51 -- 		 min: 0 (min found at subject)
10/03/2026 10:50:51 -- 		 max: 1 (max found at subject)
10/03/2026 10:50:51 -- 		 shacl-max: 1
10/03/2026 10:50:51 -- 	Ncab6efa69bf4474c9d7782cb916b6158 | http://www.w3.org/2004/02/skos/core#prefLabel > [no object/datatype]
10/03/2026 10:50:51 -- 		 min: 0 (min found at subject)
10/03/2026 10:50:51 -- 		 max: 1 (max found at subject)
10/03/2026 10:50:51 -- 		 shacl-max: 1
10/03/2026 10:50:51 -- 	Nb1bdbb5f3cb54b4eb7f93634d6b4e4f3 | http://data.vlaanderen.be/ns/mandaat#bindingStart > [no object/datatype]
10/03/2026 10:50:51 -- 		 min: 0 (min found at subject)
10/03/2026 10:50:51 -- 		 max: 1 (max found at subject)
10/03/2026 10:50:51 -- 		 shacl-max: 1
10/03/2026 10:50:51 -- 	Nb0f97027f5f14f78ba58d82396cb4672 | http://data.vlaanderen.be/ns/mandaat#bindingEinde > [no object/datatype]
10/03/2026 10:50:51 -- 		 min: 0 (min found at subject)
10/03/2026 10:50:51 -- 		 max: 1 (max found at subject)
10/03/2026 10:50:51 -- 		 shacl-max: 1
10/03/2026 10:50:51 -- 	Nc2a471e433b34c3caafc7ea8018e2f43 | http://data.vlaanderen.be/ns/besluit#classificatie > http://lblod.data.gift/vocabularies/organisatie/BestuursorgaanClassificatieCode
10/03/2026 10:50:51 -- 		 min: 0 (min found at subject)
10/03/2026 10:50:51 -- 		 max: 1 (max found at subject)
10/03/2026 10:50:51 -- 		 shacl-max: 1
10/03/2026 10:50:51 -- 	N299698777b134cfd918ce8c18ad2a0db | http://data.vlaanderen.be/ns/besluit#classificatie > http://mu.semte.ch/vocabularies/ext/BestuursorgaanClassificatieCode
10/03/2026 10:50:51 -- 		 min: 0 (min found at subject)
10/03/2026 10:50:51 -- 		 max: 1 (max found at subject)
10/03/2026 10:50:51 -- 		 shacl-max: 1
10/03/2026 10:50:51 -- 	N054cff82f524441f860e8a40ee44c56d | http://data.vlaanderen.be/ns/besluit#classificatie > http://www.w3.org/2004/02/skos/core#Concept
10/03/2026 10:50:51 -- 		 min: 0 (min found at subject)
10/03/2026 10:50:51 -- 		 max: 1 (max found at subject)
10/03/2026 10:50:51 -- 		 shacl-max: 1
10/03/2026 10:50:51 -- 	N41fc95fcf86c44518c90b71a56919de0 | http://mu.semte.ch/vocabularies/core/uuid > [no object/datatype]
10/03/2026 10:50:51 -- 		 min: 1 (min found at subject)
10/03/2026 10:50:51 -- 		 max: 1 (max found at subject)
10/03/2026 10:50:51 -- 		 shacl-min: 1
10/03/2026 10:50:51 -- 		 shacl-max: 1
10/03/2026 10:50:51 -- 	N8bce475c471347b4bae6c79ebd3e09f4 | http://data.vlaanderen.be/ns/mandaat#isTijdspecialisatieVan > http://data.vlaanderen.be/ns/besluit#Bestuursorgaan
10/03/2026 10:50:51 -- 		 min: 0 (min found at subject)
10/03/2026 10:50:51 -- 		 max: 1 (max found at subject)
10/03/2026 10:50:51 -- 		 shacl-max: 1
10/03/2026 10:50:51 -- http://example.com/shapes/0840f9f6-1cbe-41c9-9aba-c9e66a999fff ~ http://lblod.data.gift/vocabularies/organisatie/BestuursorgaanClassificatieCode
10/03/2026 10:50:51 -- 	N4ff26aa784554a73a302ef382505a886 | http://www.w3.org/2004/02/skos/core#prefLabel > [no object/datatype]
10/03/2026 10:50:51 -- 		 min: 1 (min found at subject)
10/03/2026 10:50:51 -- 		 max: 1 (max found at subject)
10/03/2026 10:50:51 -- 		 shacl-min: 1
10/03/2026 10:50:51 -- 		 shacl-max: 1
10/03/2026 10:50:51 -- 	N41b612290827412f9807798d11e20846 | http://mu.semte.ch/vocabularies/core/uuid > [no object/datatype]
10/03/2026 10:50:51 -- 		 min: 1 (min found at subject)
10/03/2026 10:50:51 -- 		 max: 1 (max found at subject)
10/03/2026 10:50:51 -- 		 shacl-min: 1
10/03/2026 10:50:51 -- 		 shacl-max: 1
10/03/2026 10:50:51 -- http://example.com/shapes/f8e88a33-35e1-4e7d-a81b-1d169fcd0dc0 ~ http://mu.semte.ch/vocabularies/ext/BestuursorgaanClassificatieCode
10/03/2026 10:50:51 -- 	N72da96e73c2d446d8a8bf399eb50b8ba | http://mu.semte.ch/vocabularies/core/uuid > [no object/datatype]
10/03/2026 10:50:51 -- 		 min: 1 (min found at subject)
10/03/2026 10:50:51 -- 		 max: 1 (max found at subject)
10/03/2026 10:50:51 -- 		 shacl-min: 1
10/03/2026 10:50:51 -- 		 shacl-max: 1
10/03/2026 10:50:51 -- 	N46a81da78e8c4ebdbfc6c01d201cae2c | http://www.w3.org/2004/02/skos/core#prefLabel > [no object/datatype]
10/03/2026 10:50:51 -- 		 min: 1 (min found at subject)
10/03/2026 10:50:51 -- 		 max: 1 (max found at subject)
10/03/2026 10:50:51 -- 		 shacl-min: 1
10/03/2026 10:50:51 -- 		 shacl-max: 1
10/03/2026 10:50:51 -- http://example.com/shapes/961f6647-4042-474c-9498-959f1ef2b97e ~ http://data.vlaanderen.be/ns/mandaat#Fractie
10/03/2026 10:50:51 -- 	Nee7473e664864be58a18619a35ef4ae0 | http://www.w3.org/ns/org#linkedTo > http://data.vlaanderen.be/ns/besluit#Bestuurseenheid
10/03/2026 10:50:51 -- 		 min: 0 (min found at subject)
10/03/2026 10:50:51 -- 		 max: 2 (max found at subject)
10/03/2026 10:50:51 -- 	N7a3cb35839ad484e989621e2107ad6f0 | http://mu.semte.ch/vocabularies/core/uuid > [no object/datatype]
10/03/2026 10:50:51 -- 		 min: 1 (min found at subject)
10/03/2026 10:50:51 -- 		 max: 1 (max found at subject)
10/03/2026 10:50:51 -- 		 shacl-min: 1
10/03/2026 10:50:51 -- 		 shacl-max: 1
10/03/2026 10:50:51 -- 	N1d4a596a71d14881b73a36205728bbef | https://www.w3.org/ns/regorg#legalName > [no object/datatype]
10/03/2026 10:50:51 -- 		 min: 0 (min found at subject)
10/03/2026 10:50:51 -- 		 max: 2 (max found at subject)
10/03/2026 10:50:51 -- 	N725fb2406ca04b069ff785c6f57709a7 | http://www.w3.org/ns/org#memberOf > http://data.vlaanderen.be/ns/besluit#Bestuursorgaan
10/03/2026 10:50:51 -- 		 min: 0 (min found at subject)
10/03/2026 10:50:51 -- 		 max: 7 (max found at subject)
10/03/2026 10:50:51 -- http://example.com/shapes/27e263e3-9929-41d7-aac4-084633d233b4 ~ http://lblod.data.gift/vocabularies/organisatie/BestuursfunctieCode
10/03/2026 10:50:51 -- 	N606710f00c80425a813ca09ce352e6e4 | http://mu.semte.ch/vocabularies/core/uuid > [no object/datatype]
10/03/2026 10:50:51 -- 		 min: 1 (min found at subject)
10/03/2026 10:50:51 -- 		 max: 1 (max found at subject)
10/03/2026 10:50:51 -- 		 shacl-min: 1
10/03/2026 10:50:51 -- 		 shacl-max: 1
10/03/2026 10:50:51 -- 	N9910c8abdfc34732bae5148d28900a72 | http://www.w3.org/2004/02/skos/core#prefLabel > [no object/datatype]
10/03/2026 10:50:51 -- 		 min: 1 (min found at subject)
10/03/2026 10:50:51 -- 		 max: 1 (max found at subject)
10/03/2026 10:50:51 -- 		 shacl-min: 1
10/03/2026 10:50:51 -- 		 shacl-max: 1
10/03/2026 10:50:51 -- http://example.com/shapes/fbdb4082-4e31-4198-b7af-ed2d6063ec8b ~ http://mu.semte.ch/vocabularies/ext/BestuursfunctieCode
10/03/2026 10:50:51 -- 	N2baab42172764f5082ccf106ca80be69 | http://www.w3.org/2004/02/skos/core#prefLabel > [no object/datatype]
10/03/2026 10:50:51 -- 		 min: 1 (min found at subject)
10/03/2026 10:50:51 -- 		 max: 1 (max found at subject)
10/03/2026 10:50:51 -- 		 shacl-min: 1
10/03/2026 10:50:51 -- 		 shacl-max: 1
10/03/2026 10:50:51 -- 	N36c72b9ed2a24a30bcf0345a6841c2c6 | http://mu.semte.ch/vocabularies/core/uuid > [no object/datatype]
10/03/2026 10:50:51 -- 		 min: 1 (min found at subject)
10/03/2026 10:50:51 -- 		 max: 1 (max found at subject)
10/03/2026 10:50:51 -- 		 shacl-min: 1
10/03/2026 10:50:51 -- 		 shacl-max: 1
10/03/2026 10:50:51 -- http://example.com/shapes/13d8c08c-3fa5-43c2-8dae-a021e8fd9ead ~ http://data.vlaanderen.be/ns/mandaat#Mandataris
10/03/2026 10:50:51 -- 	Nd42b758abd3a4de6984104eb15ac64f8 | http://data.vlaanderen.be/ns/mandaat#start > [no object/datatype]
10/03/2026 10:50:51 -- 		 min: 0 (min found at subject)
10/03/2026 10:50:51 -- 		 max: 2 (max found at subject)
10/03/2026 10:50:51 -- 	N45c0ddc9fa9c4f8cb0a133215e9a21d2 | http://data.vlaanderen.be/ns/mandaat#start > [no object/datatype]
10/03/2026 10:50:51 -- 		 min: 0 (min found at subject)
10/03/2026 10:50:51 -- 		 max: 2 (max found at subject)
10/03/2026 10:50:51 -- 	Nae4a1889bf8a416db86af1d5a60732a0 | http://data.vlaanderen.be/ns/mandaat#start > [no object/datatype]
10/03/2026 10:50:51 -- 		 min: 0 (min found at subject)
10/03/2026 10:50:51 -- 		 max: 2 (max found at subject)
10/03/2026 10:50:51 -- 	N9c3667a21f4c470fa2573d282b3bd7e5 | http://data.vlaanderen.be/ns/mandaat#einde > [no object/datatype]
10/03/2026 10:50:51 -- 		 min: 0 (min found at subject)
10/03/2026 10:50:51 -- 		 max: 2 (max found at subject)
10/03/2026 10:50:51 -- 	N50da506364d141e7b13bdbf357eca2d2 | http://data.vlaanderen.be/ns/mandaat#einde > [no object/datatype]
10/03/2026 10:50:51 -- 		 min: 0 (min found at subject)
10/03/2026 10:50:51 -- 		 max: 2 (max found at subject)
10/03/2026 10:50:51 -- 	N2ffb6fb46b0f4a98951f9116d3182022 | http://mu.semte.ch/vocabularies/core/uuid > [no object/datatype]
10/03/2026 10:50:51 -- 		 min: 1 (min found at subject)
10/03/2026 10:50:51 -- 		 max: 1 (max found at subject)
10/03/2026 10:50:51 -- 		 shacl-min: 1
10/03/2026 10:50:51 -- 		 shacl-max: 1
10/03/2026 10:50:51 -- 	N7d8d3fe611af4ffb9332158702171f2c | http://data.vlaanderen.be/ns/mandaat#beleidsdomein > http://mu.semte.ch/vocabularies/ext/BeleidsdomeinCode
10/03/2026 10:50:51 -- 		 min: 0 (min found at subject)
10/03/2026 10:50:51 -- 		 max: 27 (max found at subject)
10/03/2026 10:50:51 -- 	N1ae88f95689a468f8506d5bb73121a13 | http://data.vlaanderen.be/ns/mandaat#beleidsdomein > http://www.w3.org/2004/02/skos/core#Concept
10/03/2026 10:50:51 -- 		 min: 0 (min found at subject)
10/03/2026 10:50:51 -- 		 max: 27 (max found at subject)
10/03/2026 10:50:51 -- 	N2d428e3e2b5648939ace7f9570484968 | http://data.vlaanderen.be/ns/mandaat#status > http://lblod.data.gift/vocabularies/organisatie/MandatarisStatusCode
10/03/2026 10:50:51 -- 		 min: 0 (min found at subject)
10/03/2026 10:50:51 -- 		 max: 1 (max found at subject)
10/03/2026 10:50:51 -- 		 shacl-max: 1
10/03/2026 10:50:51 -- 	N135eb8f042a246aa8c3173294faf0c47 | http://data.vlaanderen.be/ns/mandaat#status > http://mu.semte.ch/vocabularies/ext/MandatarisStatusCode
10/03/2026 10:50:51 -- 		 min: 0 (min found at subject)
10/03/2026 10:50:51 -- 		 max: 1 (max found at subject)
10/03/2026 10:50:51 -- 		 shacl-max: 1
10/03/2026 10:50:51 -- 	Nebce50d2e3ee46e7bc58f3086bc0016b | http://data.vlaanderen.be/ns/mandaat#status > http://www.w3.org/2004/02/skos/core#Concept
10/03/2026 10:50:51 -- 		 min: 0 (min found at subject)
10/03/2026 10:50:51 -- 		 max: 1 (max found at subject)
10/03/2026 10:50:51 -- 		 shacl-max: 1
10/03/2026 10:50:51 -- 	N7d6d7cd195d0405b8a292dee7cd66dcc | http://www.w3.org/ns/org#holds > http://data.vlaanderen.be/ns/mandaat#Mandaat
10/03/2026 10:50:51 -- 		 min: 0 (min found at subject)
10/03/2026 10:50:51 -- 		 max: 2 (max found at subject)
10/03/2026 10:50:51 -- 	N6e47500aaeb9416faaafcba8bf5ab80f | http://www.w3.org/ns/org#holds > http://www.w3.org/ns/org#Post
10/03/2026 10:50:51 -- 		 min: 0 (min found at subject)
10/03/2026 10:50:51 -- 		 max: 2 (max found at subject)
10/03/2026 10:50:51 -- 	N77466059b32349308fe553201f7020fc | http://data.vlaanderen.be/ns/mandaat#isBestuurlijkeAliasVan > http://www.w3.org/ns/person#Person
10/03/2026 10:50:51 -- 		 min: 0 (min found at subject)
10/03/2026 10:50:51 -- 		 max: 2 (max found at subject)
10/03/2026 10:50:51 -- 	N9620e989cc8e477e825b6ba396f2af64 | http://data.vlaanderen.be/ns/mandaat#rangorde > [no object/datatype]
10/03/2026 10:50:51 -- 		 min: 0 (min found at subject)
10/03/2026 10:50:51 -- 		 max: 3 (max found at subject)
10/03/2026 10:50:51 -- 	N90964bd5606d41c0b86503f72c633b05 | http://data.vlaanderen.be/ns/mandaat#isTijdelijkVervangenDoor > http://data.vlaanderen.be/ns/mandaat#Mandataris
10/03/2026 10:50:51 -- 		 min: 0 (min found at subject)
10/03/2026 10:50:51 -- 		 max: 2 (max found at subject)
10/03/2026 10:50:51 -- 	N19f0187c2d6d4b1a8cee525f37202d6a | http://www.w3.org/ns/org#hasMembership > http://www.w3.org/ns/activitystreams#Tombstone
10/03/2026 10:50:51 -- 		 min: 0 (min found at subject)
10/03/2026 10:50:51 -- 		 max: 1 (max found at subject)
10/03/2026 10:50:51 -- 		 shacl-max: 1
10/03/2026 10:50:51 -- 	Na46e18b1716847538675a4a93e02f7b4 | http://www.w3.org/ns/org#hasMembership > http://www.w3.org/ns/org#Membership
10/03/2026 10:50:51 -- 		 min: 0 (min found at subject)
10/03/2026 10:50:51 -- 		 max: 2 (max found at subject)
10/03/2026 10:50:51 -- http://example.com/shapes/e7bf3f90-044e-424e-88e5-68faa59cab7e ~ http://www.w3.org/ns/activitystreams#Tombstone
10/03/2026 10:50:51 -- 	N000b024ddb9c43c0b3ee622b3d49287a | http://www.w3.org/ns/org#memberOf > http://data.vlaanderen.be/ns/besluit#Bestuursorgaan
10/03/2026 10:50:51 -- 		 min: 0 (min found at subject)
10/03/2026 10:50:51 -- 		 max: 6 (max found at subject)
10/03/2026 10:50:51 -- 	N84ac667f0c34430d9b3f8f855a3e1f06 | http://mu.semte.ch/vocabularies/core/uuid > [no object/datatype]
10/03/2026 10:50:51 -- 		 min: 1 (min found at subject)
10/03/2026 10:50:51 -- 		 max: 1 (max found at subject)
10/03/2026 10:50:51 -- 		 shacl-min: 1
10/03/2026 10:50:51 -- 		 shacl-max: 1
10/03/2026 10:50:51 -- 	N98f3a3afe3a947f29999b5a1ae812c64 | http://www.w3.org/ns/org#linkedTo > http://data.vlaanderen.be/ns/besluit#Bestuurseenheid
10/03/2026 10:50:51 -- 		 min: 0 (min found at subject)
10/03/2026 10:50:51 -- 		 max: 1 (max found at subject)
10/03/2026 10:50:51 -- 		 shacl-max: 1
10/03/2026 10:50:51 -- 	N612893f1e1484f518ee1b8f3f57ffd8e | https://www.w3.org/ns/regorg#legalName > [no object/datatype]
10/03/2026 10:50:51 -- 		 min: 0 (min found at subject)
10/03/2026 10:50:51 -- 		 max: 1 (max found at subject)
10/03/2026 10:50:51 -- 		 shacl-max: 1
10/03/2026 10:50:51 -- http://example.com/shapes/857ddf65-8595-4546-b425-3b782117673b ~ http://mu.semte.ch/vocabularies/ext/RepresentatiefOrgaanClassificatieCode
10/03/2026 10:50:51 -- 	Na367f4efaf62481ea6bcf689a082033c | http://mu.semte.ch/vocabularies/core/uuid > [no object/datatype]
10/03/2026 10:50:51 -- 		 min: 1 (min found at subject)
10/03/2026 10:50:51 -- 		 max: 1 (max found at subject)
10/03/2026 10:50:51 -- 		 shacl-min: 1
10/03/2026 10:50:51 -- 		 shacl-max: 1
10/03/2026 10:50:51 -- 	N3280d84615f3464bae6377997ec93d83 | http://www.w3.org/2004/02/skos/core#prefLabel > [no object/datatype]
10/03/2026 10:50:51 -- 		 min: 1 (min found at subject)
10/03/2026 10:50:51 -- 		 max: 1 (max found at subject)
10/03/2026 10:50:51 -- 		 shacl-min: 1
10/03/2026 10:50:51 -- 		 shacl-max: 1
