Benchmark Initiated for /media/koen/big-ssd/intermediate/ntriples/rijksmuseum-images.nt
2026/03/09 13:53:51
invoked::firstPass()
Time Elapsed firstPass 6 sec , 0 min
***** Total Parsing Time 6 sec , 0 min *****
Time Elapsed secondPhase 14 sec , 0 min
***** Total Parsing Time 20 sec , 0 min *****
Storing labels
Time Elapsed Label storing 4 sec , 0 min
***** Total Parsing Time 24 sec , 0 min *****
Time Elapsed computeSupportConfidence 1 sec , 0 min
***** Total Parsing Time 25 sec , 0 min *****
Invoked:: PostConstraintsAnnotator
MODEL:: DEFAULT - SIZE: 196
::: ShapesExtractor ~ WRITING MODEL TO FILE: /home/koen/shape-generation-clean/generated-output/qse/rijksmuseum-images/DATASET_QSE_FULL.ttl
writeModelToFile  - 0 - 0
::: ShapesExtractor ~ PRETTY FORMATTING TURTLE FILE: /home/koen/shape-generation-clean/generated-output/qse/rijksmuseum-images/DATASET_QSE_FULL_SHACL.ttl
Pretty Formatting
prettyFormatTurtle  - 0 - 0
Invoked:: PostConstraintsAnnotator
MODEL:: CUSTOM - SIZE: 76 | PARAMS: 70.0 - 20
::: ShapesExtractor ~ WRITING MODEL TO FILE: /home/koen/shape-generation-clean/generated-output/qse/rijksmuseum-images/DATASET_QSE_0.7_20.ttl
writeModelToFile  - 0 - 0
::: ShapesExtractor ~ PRETTY FORMATTING TURTLE FILE: /home/koen/shape-generation-clean/generated-output/qse/rijksmuseum-images/DATASET_QSE_0.7_20_SHACL.ttl
Pretty Formatting
prettyFormatTurtle  - 0 - 0
Time Elapsed 0.7_20 0 sec , 0 min
***** Total Parsing Time 25 sec , 0 min *****
Invoked:: PostConstraintsAnnotator
MODEL:: CUSTOM - SIZE: 76 | PARAMS: 60.0 - 20
::: ShapesExtractor ~ WRITING MODEL TO FILE: /home/koen/shape-generation-clean/generated-output/qse/rijksmuseum-images/DATASET_QSE_0.6_20.ttl
writeModelToFile  - 0 - 0
::: ShapesExtractor ~ PRETTY FORMATTING TURTLE FILE: /home/koen/shape-generation-clean/generated-output/qse/rijksmuseum-images/DATASET_QSE_0.6_20_SHACL.ttl
Pretty Formatting
prettyFormatTurtle  - 0 - 0
Time Elapsed 0.6_20 0 sec , 0 min
***** Total Parsing Time 25 sec , 0 min *****
Invoked:: PostConstraintsAnnotator
MODEL:: CUSTOM - SIZE: 76 | PARAMS: 50.0 - 20
::: ShapesExtractor ~ WRITING MODEL TO FILE: /home/koen/shape-generation-clean/generated-output/qse/rijksmuseum-images/DATASET_QSE_0.5_20.ttl
writeModelToFile  - 0 - 0
::: ShapesExtractor ~ PRETTY FORMATTING TURTLE FILE: /home/koen/shape-generation-clean/generated-output/qse/rijksmuseum-images/DATASET_QSE_0.5_20_SHACL.ttl
Pretty Formatting
prettyFormatTurtle  - 0 - 0
Time Elapsed 0.5_20 0 sec , 0 min
***** Total Parsing Time 25 sec , 0 min *****
Invoked:: PostConstraintsAnnotator
MODEL:: CUSTOM - SIZE: 130 | PARAMS: 30.0 - 20
::: ShapesExtractor ~ WRITING MODEL TO FILE: /home/koen/shape-generation-clean/generated-output/qse/rijksmuseum-images/DATASET_QSE_0.3_20.ttl
writeModelToFile  - 0 - 0
::: ShapesExtractor ~ PRETTY FORMATTING TURTLE FILE: /home/koen/shape-generation-clean/generated-output/qse/rijksmuseum-images/DATASET_QSE_0.3_20_SHACL.ttl
Pretty Formatting
prettyFormatTurtle  - 0 - 0
Time Elapsed 0.3_20 0 sec , 0 min
***** Total Parsing Time 25 sec , 0 min *****
Invoked:: PostConstraintsAnnotator
MODEL:: CUSTOM - SIZE: 193 | PARAMS: 0.0 - 0
::: ShapesExtractor ~ WRITING MODEL TO FILE: /home/koen/shape-generation-clean/generated-output/qse/rijksmuseum-images/DATASET_QSE_0.0_0.ttl
writeModelToFile  - 0 - 0
::: ShapesExtractor ~ PRETTY FORMATTING TURTLE FILE: /home/koen/shape-generation-clean/generated-output/qse/rijksmuseum-images/DATASET_QSE_0.0_0_SHACL.ttl
Pretty Formatting
prettyFormatTurtle  - 0 - 0
Time Elapsed 0.0_0 0 sec , 0 min
***** Total Parsing Time 25 sec , 0 min *****
Invoked:: PostConstraintsAnnotator
MODEL:: CUSTOM - SIZE: 76 | PARAMS: 90.0 - 20
::: ShapesExtractor ~ WRITING MODEL TO FILE: /home/koen/shape-generation-clean/generated-output/qse/rijksmuseum-images/DATASET_QSE_0.9_20.ttl
writeModelToFile  - 0 - 0
::: ShapesExtractor ~ PRETTY FORMATTING TURTLE FILE: /home/koen/shape-generation-clean/generated-output/qse/rijksmuseum-images/DATASET_QSE_0.9_20_SHACL.ttl
Pretty Formatting
prettyFormatTurtle  - 0 - 0
Time Elapsed 0.9_20 0 sec , 0 min
***** Total Parsing Time 25 sec , 0 min *****
Invoked:: PostConstraintsAnnotator
MODEL:: CUSTOM - SIZE: 76 | PARAMS: 90.0 - 50
::: ShapesExtractor ~ WRITING MODEL TO FILE: /home/koen/shape-generation-clean/generated-output/qse/rijksmuseum-images/DATASET_QSE_0.9_50.ttl
writeModelToFile  - 0 - 0
::: ShapesExtractor ~ PRETTY FORMATTING TURTLE FILE: /home/koen/shape-generation-clean/generated-output/qse/rijksmuseum-images/DATASET_QSE_0.9_50_SHACL.ttl
Pretty Formatting
prettyFormatTurtle  - 0 - 0
Time Elapsed 0.9_50 0 sec , 0 min
***** Total Parsing Time 25 sec , 0 min *****
Invoked:: PostConstraintsAnnotator
MODEL:: CUSTOM - SIZE: 76 | PARAMS: 80.0 - 20
::: ShapesExtractor ~ WRITING MODEL TO FILE: /home/koen/shape-generation-clean/generated-output/qse/rijksmuseum-images/DATASET_QSE_0.8_20.ttl
writeModelToFile  - 0 - 0
::: ShapesExtractor ~ PRETTY FORMATTING TURTLE FILE: /home/koen/shape-generation-clean/generated-output/qse/rijksmuseum-images/DATASET_QSE_0.8_20_SHACL.ttl
Pretty Formatting
prettyFormatTurtle  - 0 - 0
Time Elapsed 0.8_20 0 sec , 0 min
***** Total Parsing Time 25 sec , 0 min *****
Invoked:: PostConstraintsAnnotator
MODEL:: CUSTOM - SIZE: 130 | PARAMS: 40.0 - 20
::: ShapesExtractor ~ WRITING MODEL TO FILE: /home/koen/shape-generation-clean/generated-output/qse/rijksmuseum-images/DATASET_QSE_0.4_20.ttl
writeModelToFile  - 0 - 0
::: ShapesExtractor ~ PRETTY FORMATTING TURTLE FILE: /home/koen/shape-generation-clean/generated-output/qse/rijksmuseum-images/DATASET_QSE_0.4_20_SHACL.ttl
Pretty Formatting
prettyFormatTurtle  - 0 - 0
Time Elapsed 0.4_20 0 sec , 0 min
***** Total Parsing Time 25 sec , 0 min *****
Invoked:: PostConstraintsAnnotator
MODEL:: CUSTOM - SIZE: 130 | PARAMS: 20.0 - 20
::: ShapesExtractor ~ WRITING MODEL TO FILE: /home/koen/shape-generation-clean/generated-output/qse/rijksmuseum-images/DATASET_QSE_0.2_20.ttl
writeModelToFile  - 0 - 0
::: ShapesExtractor ~ PRETTY FORMATTING TURTLE FILE: /home/koen/shape-generation-clean/generated-output/qse/rijksmuseum-images/DATASET_QSE_0.2_20_SHACL.ttl
Pretty Formatting
prettyFormatTurtle  - 0 - 0
Time Elapsed 0.2_20 0 sec , 0 min
***** Total Parsing Time 25 sec , 0 min *****
Invoked:: PostConstraintsAnnotator
MODEL:: CUSTOM - SIZE: 130 | PARAMS: 10.0 - 20
::: ShapesExtractor ~ WRITING MODEL TO FILE: /home/koen/shape-generation-clean/generated-output/qse/rijksmuseum-images/DATASET_QSE_0.1_20.ttl
writeModelToFile  - 0 - 0
::: ShapesExtractor ~ PRETTY FORMATTING TURTLE FILE: /home/koen/shape-generation-clean/generated-output/qse/rijksmuseum-images/DATASET_QSE_0.1_20_SHACL.ttl
Pretty Formatting
prettyFormatTurtle  - 0 - 0
Time Elapsed 0.1_20 0 sec , 0 min
***** Total Parsing Time 25 sec , 0 min *****
Invoked:: PostConstraintsAnnotator
MODEL:: CUSTOM - SIZE: 76 | PARAMS: 95.0 - 50
::: ShapesExtractor ~ WRITING MODEL TO FILE: /home/koen/shape-generation-clean/generated-output/qse/rijksmuseum-images/DATASET_QSE_0.95_50.ttl
writeModelToFile  - 0 - 0
::: ShapesExtractor ~ PRETTY FORMATTING TURTLE FILE: /home/koen/shape-generation-clean/generated-output/qse/rijksmuseum-images/DATASET_QSE_0.95_50_SHACL.ttl
Pretty Formatting
prettyFormatTurtle  - 0 - 0
Time Elapsed 0.95_50 0 sec , 0 min
***** Total Parsing Time 25 sec , 0 min *****
Invoked:: PostConstraintsAnnotator
MODEL:: CUSTOM - SIZE: 76 | PARAMS: 95.0 - 100
::: ShapesExtractor ~ WRITING MODEL TO FILE: /home/koen/shape-generation-clean/generated-output/qse/rijksmuseum-images/DATASET_QSE_0.95_100.ttl
writeModelToFile  - 0 - 0
::: ShapesExtractor ~ PRETTY FORMATTING TURTLE FILE: /home/koen/shape-generation-clean/generated-output/qse/rijksmuseum-images/DATASET_QSE_0.95_100_SHACL.ttl
Pretty Formatting
prettyFormatTurtle  - 0 - 0
Time Elapsed 0.95_100 0 sec , 0 min
***** Total Parsing Time 25 sec , 0 min *****
Invoked:: PostConstraintsAnnotator
MODEL:: CUSTOM - SIZE: 76 | PARAMS: 95.0 - 200
::: ShapesExtractor ~ WRITING MODEL TO FILE: /home/koen/shape-generation-clean/generated-output/qse/rijksmuseum-images/DATASET_QSE_0.95_200.ttl
writeModelToFile  - 0 - 0
::: ShapesExtractor ~ PRETTY FORMATTING TURTLE FILE: /home/koen/shape-generation-clean/generated-output/qse/rijksmuseum-images/DATASET_QSE_0.95_200_SHACL.ttl
Pretty Formatting
prettyFormatTurtle  - 0 - 0
Time Elapsed 0.95_200 0 sec , 0 min
***** Total Parsing Time 25 sec , 0 min *****
Time Elapsed extractSHACLShapes-Time.For.Pruning.Only 1 sec , 0 min
***** Total Parsing Time 26 sec , 0 min *****
[DATASET, Confidence, Support, COUNT_MCC, MIN_CC, AVG_CC, COUNT_CC, MIN_MCC, COUNT_PS, MIN_LC, AVG_MCC, COUNT_NS, AVG_LC, MAX_LC, AVG_PS, MAX_CC, MAX_PS, MAX_MCC, COUNT_LC, MIN_PS, ]
Done
Time Elapsed extractSHACLShapes 2 sec , 0 min
***** Total Parsing Time 28 sec , 0 min *****
STATS: 
	No. of Classes: 3
2026/03/09 13:54:20
