Benchmark Initiated for /media/koen/big-ssd/intermediate/ntriples/rijksmuseum-instances.nt
2026/03/09 13:21:18
invoked::firstPass()
Time Elapsed firstPass 10 sec , 0 min
***** Total Parsing Time 10 sec , 0 min *****
Time Elapsed secondPhase 37 sec , 0 min
***** Total Parsing Time 47 sec , 0 min *****
Storing labels
Time Elapsed Label storing 7 sec , 0 min
***** Total Parsing Time 54 sec , 0 min *****
Time Elapsed computeSupportConfidence 3 sec , 0 min
***** Total Parsing Time 57 sec , 0 min *****
Invoked:: PostConstraintsAnnotator
MODEL:: DEFAULT - SIZE: 5929
::: ShapesExtractor ~ WRITING MODEL TO FILE: /home/koen/shape-generation-clean/generated-output/qse/rijksmuseum-instances/DATASET_QSE_FULL.ttl
writeModelToFile  - 0 - 0
::: ShapesExtractor ~ PRETTY FORMATTING TURTLE FILE: /home/koen/shape-generation-clean/generated-output/qse/rijksmuseum-instances/DATASET_QSE_FULL_SHACL.ttl
Pretty Formatting
13:22:19.899 [main] WARN org.apache.jena.riot - [line: 448, col: 38] Bad IRI: <%3Chttp://schema.org/Date%3E> Code: 0/ILLEGAL_CHARACTER in SCHEME: The character violates the grammar rules for URIs/IRIs.
13:22:19.908 [main] WARN org.apache.jena.riot - [line: 535, col: 38] Bad IRI: <%3Chttp://schema.org/Date%3E> Code: 0/ILLEGAL_CHARACTER in SCHEME: The character violates the grammar rules for URIs/IRIs.
13:22:19.915 [main] WARN org.apache.jena.riot - [line: 675, col: 38] Bad IRI: <%3Chttp://schema.org/Date%3E> Code: 0/ILLEGAL_CHARACTER in SCHEME: The character violates the grammar rules for URIs/IRIs.
13:22:19.919 [main] WARN org.apache.jena.riot - [line: 762, col: 38] Bad IRI: <%3Chttp://schema.org/Date%3E> Code: 0/ILLEGAL_CHARACTER in SCHEME: The character violates the grammar rules for URIs/IRIs.
13:22:19.940 [main] WARN org.apache.jena.riot - [line: 1333, col: 38] Bad IRI: <%3Chttp://schema.org/Date%3E> Code: 0/ILLEGAL_CHARACTER in SCHEME: The character violates the grammar rules for URIs/IRIs.
13:22:19.942 [main] WARN org.apache.jena.riot - [line: 1420, col: 38] Bad IRI: <%3Chttp://schema.org/Date%3E> Code: 0/ILLEGAL_CHARACTER in SCHEME: The character violates the grammar rules for URIs/IRIs.
13:22:19.948 [main] WARN org.apache.jena.riot - [line: 1551, col: 38] Bad IRI: <%3Chttp://schema.org/Date%3E> Code: 0/ILLEGAL_CHARACTER in SCHEME: The character violates the grammar rules for URIs/IRIs.
13:22:19.952 [main] WARN org.apache.jena.riot - [line: 1639, col: 38] Bad IRI: <%3Chttp://schema.org/Date%3E> Code: 0/ILLEGAL_CHARACTER in SCHEME: The character violates the grammar rules for URIs/IRIs.
prettyFormatTurtle  - 1 - 0
/home/koen/shape-generation-clean/generated-output/qse/rijksmuseum-instances/db_0.7_20 created successfully.
Invoked:: PostConstraintsAnnotator
MODEL:: CUSTOM - SIZE: 1384 | PARAMS: 70.0 - 20
::: ShapesExtractor ~ WRITING MODEL TO FILE: /home/koen/shape-generation-clean/generated-output/qse/rijksmuseum-instances/DATASET_QSE_0.7_20.ttl
writeModelToFile  - 0 - 0
::: ShapesExtractor ~ PRETTY FORMATTING TURTLE FILE: /home/koen/shape-generation-clean/generated-output/qse/rijksmuseum-instances/DATASET_QSE_0.7_20_SHACL.ttl
Pretty Formatting
prettyFormatTurtle  - 0 - 0
Time Elapsed 0.7_20 1 sec , 0 min
***** Total Parsing Time 58 sec , 0 min *****
/home/koen/shape-generation-clean/generated-output/qse/rijksmuseum-instances/db_0.6_20 created successfully.
Invoked:: PostConstraintsAnnotator
MODEL:: CUSTOM - SIZE: 1434 | PARAMS: 60.0 - 20
::: ShapesExtractor ~ WRITING MODEL TO FILE: /home/koen/shape-generation-clean/generated-output/qse/rijksmuseum-instances/DATASET_QSE_0.6_20.ttl
writeModelToFile  - 0 - 0
::: ShapesExtractor ~ PRETTY FORMATTING TURTLE FILE: /home/koen/shape-generation-clean/generated-output/qse/rijksmuseum-instances/DATASET_QSE_0.6_20_SHACL.ttl
Pretty Formatting
prettyFormatTurtle  - 0 - 0
Time Elapsed 0.6_20 0 sec , 0 min
***** Total Parsing Time 58 sec , 0 min *****
/home/koen/shape-generation-clean/generated-output/qse/rijksmuseum-instances/db_0.5_20 created successfully.
Invoked:: PostConstraintsAnnotator
MODEL:: CUSTOM - SIZE: 1517 | PARAMS: 50.0 - 20
::: ShapesExtractor ~ WRITING MODEL TO FILE: /home/koen/shape-generation-clean/generated-output/qse/rijksmuseum-instances/DATASET_QSE_0.5_20.ttl
writeModelToFile  - 0 - 0
::: ShapesExtractor ~ PRETTY FORMATTING TURTLE FILE: /home/koen/shape-generation-clean/generated-output/qse/rijksmuseum-instances/DATASET_QSE_0.5_20_SHACL.ttl
Pretty Formatting
prettyFormatTurtle  - 0 - 0
Time Elapsed 0.5_20 0 sec , 0 min
***** Total Parsing Time 58 sec , 0 min *****
/home/koen/shape-generation-clean/generated-output/qse/rijksmuseum-instances/db_0.3_20 created successfully.
Invoked:: PostConstraintsAnnotator
MODEL:: CUSTOM - SIZE: 1641 | PARAMS: 30.0 - 20
::: ShapesExtractor ~ WRITING MODEL TO FILE: /home/koen/shape-generation-clean/generated-output/qse/rijksmuseum-instances/DATASET_QSE_0.3_20.ttl
writeModelToFile  - 0 - 0
::: ShapesExtractor ~ PRETTY FORMATTING TURTLE FILE: /home/koen/shape-generation-clean/generated-output/qse/rijksmuseum-instances/DATASET_QSE_0.3_20_SHACL.ttl
Pretty Formatting
prettyFormatTurtle  - 0 - 0
Time Elapsed 0.3_20 0 sec , 0 min
***** Total Parsing Time 58 sec , 0 min *****
Invoked:: PostConstraintsAnnotator
MODEL:: CUSTOM - SIZE: 5915 | PARAMS: 0.0 - 0
::: ShapesExtractor ~ WRITING MODEL TO FILE: /home/koen/shape-generation-clean/generated-output/qse/rijksmuseum-instances/DATASET_QSE_0.0_0.ttl
writeModelToFile  - 0 - 0
::: ShapesExtractor ~ PRETTY FORMATTING TURTLE FILE: /home/koen/shape-generation-clean/generated-output/qse/rijksmuseum-instances/DATASET_QSE_0.0_0_SHACL.ttl
Pretty Formatting
13:22:24.467 [main] WARN org.apache.jena.riot - [line: 445, col: 38] Bad IRI: <%3Chttp://schema.org/Date%3E> Code: 0/ILLEGAL_CHARACTER in SCHEME: The character violates the grammar rules for URIs/IRIs.
13:22:24.468 [main] WARN org.apache.jena.riot - [line: 532, col: 38] Bad IRI: <%3Chttp://schema.org/Date%3E> Code: 0/ILLEGAL_CHARACTER in SCHEME: The character violates the grammar rules for URIs/IRIs.
13:22:24.469 [main] WARN org.apache.jena.riot - [line: 671, col: 38] Bad IRI: <%3Chttp://schema.org/Date%3E> Code: 0/ILLEGAL_CHARACTER in SCHEME: The character violates the grammar rules for URIs/IRIs.
13:22:24.470 [main] WARN org.apache.jena.riot - [line: 758, col: 38] Bad IRI: <%3Chttp://schema.org/Date%3E> Code: 0/ILLEGAL_CHARACTER in SCHEME: The character violates the grammar rules for URIs/IRIs.
13:22:24.475 [main] WARN org.apache.jena.riot - [line: 1327, col: 38] Bad IRI: <%3Chttp://schema.org/Date%3E> Code: 0/ILLEGAL_CHARACTER in SCHEME: The character violates the grammar rules for URIs/IRIs.
13:22:24.476 [main] WARN org.apache.jena.riot - [line: 1414, col: 38] Bad IRI: <%3Chttp://schema.org/Date%3E> Code: 0/ILLEGAL_CHARACTER in SCHEME: The character violates the grammar rules for URIs/IRIs.
13:22:24.478 [main] WARN org.apache.jena.riot - [line: 1544, col: 38] Bad IRI: <%3Chttp://schema.org/Date%3E> Code: 0/ILLEGAL_CHARACTER in SCHEME: The character violates the grammar rules for URIs/IRIs.
13:22:24.479 [main] WARN org.apache.jena.riot - [line: 1632, col: 38] Bad IRI: <%3Chttp://schema.org/Date%3E> Code: 0/ILLEGAL_CHARACTER in SCHEME: The character violates the grammar rules for URIs/IRIs.
prettyFormatTurtle  - 0 - 0
Time Elapsed 0.0_0 1 sec , 0 min
***** Total Parsing Time 59 sec , 0 min *****
/home/koen/shape-generation-clean/generated-output/qse/rijksmuseum-instances/db_0.9_20 created successfully.
Invoked:: PostConstraintsAnnotator
MODEL:: CUSTOM - SIZE: 1313 | PARAMS: 90.0 - 20
::: ShapesExtractor ~ WRITING MODEL TO FILE: /home/koen/shape-generation-clean/generated-output/qse/rijksmuseum-instances/DATASET_QSE_0.9_20.ttl
writeModelToFile  - 0 - 0
::: ShapesExtractor ~ PRETTY FORMATTING TURTLE FILE: /home/koen/shape-generation-clean/generated-output/qse/rijksmuseum-instances/DATASET_QSE_0.9_20_SHACL.ttl
Pretty Formatting
prettyFormatTurtle  - 0 - 0
Time Elapsed 0.9_20 0 sec , 0 min
***** Total Parsing Time 59 sec , 0 min *****
/home/koen/shape-generation-clean/generated-output/qse/rijksmuseum-instances/db_0.9_50 created successfully.
Invoked:: PostConstraintsAnnotator
MODEL:: CUSTOM - SIZE: 1313 | PARAMS: 90.0 - 50
::: ShapesExtractor ~ WRITING MODEL TO FILE: /home/koen/shape-generation-clean/generated-output/qse/rijksmuseum-instances/DATASET_QSE_0.9_50.ttl
writeModelToFile  - 0 - 0
::: ShapesExtractor ~ PRETTY FORMATTING TURTLE FILE: /home/koen/shape-generation-clean/generated-output/qse/rijksmuseum-instances/DATASET_QSE_0.9_50_SHACL.ttl
Pretty Formatting
prettyFormatTurtle  - 0 - 0
Time Elapsed 0.9_50 0 sec , 0 min
***** Total Parsing Time 59 sec , 0 min *****
/home/koen/shape-generation-clean/generated-output/qse/rijksmuseum-instances/db_0.8_20 created successfully.
Invoked:: PostConstraintsAnnotator
MODEL:: CUSTOM - SIZE: 1372 | PARAMS: 80.0 - 20
::: ShapesExtractor ~ WRITING MODEL TO FILE: /home/koen/shape-generation-clean/generated-output/qse/rijksmuseum-instances/DATASET_QSE_0.8_20.ttl
writeModelToFile  - 0 - 0
::: ShapesExtractor ~ PRETTY FORMATTING TURTLE FILE: /home/koen/shape-generation-clean/generated-output/qse/rijksmuseum-instances/DATASET_QSE_0.8_20_SHACL.ttl
Pretty Formatting
prettyFormatTurtle  - 0 - 0
Time Elapsed 0.8_20 0 sec , 0 min
***** Total Parsing Time 59 sec , 0 min *****
/home/koen/shape-generation-clean/generated-output/qse/rijksmuseum-instances/db_0.4_20 created successfully.
Invoked:: PostConstraintsAnnotator
MODEL:: CUSTOM - SIZE: 1565 | PARAMS: 40.0 - 20
::: ShapesExtractor ~ WRITING MODEL TO FILE: /home/koen/shape-generation-clean/generated-output/qse/rijksmuseum-instances/DATASET_QSE_0.4_20.ttl
writeModelToFile  - 0 - 0
::: ShapesExtractor ~ PRETTY FORMATTING TURTLE FILE: /home/koen/shape-generation-clean/generated-output/qse/rijksmuseum-instances/DATASET_QSE_0.4_20_SHACL.ttl
Pretty Formatting
prettyFormatTurtle  - 0 - 0
Time Elapsed 0.4_20 0 sec , 0 min
***** Total Parsing Time 59 sec , 0 min *****
/home/koen/shape-generation-clean/generated-output/qse/rijksmuseum-instances/db_0.2_20 created successfully.
Invoked:: PostConstraintsAnnotator
MODEL:: CUSTOM - SIZE: 1947 | PARAMS: 20.0 - 20
::: ShapesExtractor ~ WRITING MODEL TO FILE: /home/koen/shape-generation-clean/generated-output/qse/rijksmuseum-instances/DATASET_QSE_0.2_20.ttl
writeModelToFile  - 0 - 0
::: ShapesExtractor ~ PRETTY FORMATTING TURTLE FILE: /home/koen/shape-generation-clean/generated-output/qse/rijksmuseum-instances/DATASET_QSE_0.2_20_SHACL.ttl
Pretty Formatting
13:22:26.397 [main] WARN org.apache.jena.riot - [line: 331, col: 38] Bad IRI: <%3Chttp://schema.org/Date%3E> Code: 0/ILLEGAL_CHARACTER in SCHEME: The character violates the grammar rules for URIs/IRIs.
13:22:26.397 [main] WARN org.apache.jena.riot - [line: 505, col: 38] Bad IRI: <%3Chttp://schema.org/Date%3E> Code: 0/ILLEGAL_CHARACTER in SCHEME: The character violates the grammar rules for URIs/IRIs.
prettyFormatTurtle  - 0 - 0
Time Elapsed 0.2_20 0 sec , 0 min
***** Total Parsing Time 59 sec , 0 min *****
/home/koen/shape-generation-clean/generated-output/qse/rijksmuseum-instances/db_0.1_20 created successfully.
Invoked:: PostConstraintsAnnotator
MODEL:: CUSTOM - SIZE: 2124 | PARAMS: 10.0 - 20
::: ShapesExtractor ~ WRITING MODEL TO FILE: /home/koen/shape-generation-clean/generated-output/qse/rijksmuseum-instances/DATASET_QSE_0.1_20.ttl
writeModelToFile  - 0 - 0
::: ShapesExtractor ~ PRETTY FORMATTING TURTLE FILE: /home/koen/shape-generation-clean/generated-output/qse/rijksmuseum-instances/DATASET_QSE_0.1_20_SHACL.ttl
Pretty Formatting
13:22:26.716 [main] WARN org.apache.jena.riot - [line: 72, col: 38] Bad IRI: <%3Chttp://schema.org/Date%3E> Code: 0/ILLEGAL_CHARACTER in SCHEME: The character violates the grammar rules for URIs/IRIs.
13:22:26.718 [main] WARN org.apache.jena.riot - [line: 502, col: 38] Bad IRI: <%3Chttp://schema.org/Date%3E> Code: 0/ILLEGAL_CHARACTER in SCHEME: The character violates the grammar rules for URIs/IRIs.
13:22:26.718 [main] WARN org.apache.jena.riot - [line: 689, col: 38] Bad IRI: <%3Chttp://schema.org/Date%3E> Code: 0/ILLEGAL_CHARACTER in SCHEME: The character violates the grammar rules for URIs/IRIs.
prettyFormatTurtle  - 0 - 0
Time Elapsed 0.1_20 0 sec , 0 min
***** Total Parsing Time 59 sec , 0 min *****
/home/koen/shape-generation-clean/generated-output/qse/rijksmuseum-instances/db_0.95_50 created successfully.
Invoked:: PostConstraintsAnnotator
MODEL:: CUSTOM - SIZE: 1172 | PARAMS: 95.0 - 50
::: ShapesExtractor ~ WRITING MODEL TO FILE: /home/koen/shape-generation-clean/generated-output/qse/rijksmuseum-instances/DATASET_QSE_0.95_50.ttl
writeModelToFile  - 0 - 0
::: ShapesExtractor ~ PRETTY FORMATTING TURTLE FILE: /home/koen/shape-generation-clean/generated-output/qse/rijksmuseum-instances/DATASET_QSE_0.95_50_SHACL.ttl
Pretty Formatting
prettyFormatTurtle  - 0 - 0
Time Elapsed 0.95_50 0 sec , 0 min
***** Total Parsing Time 59 sec , 0 min *****
/home/koen/shape-generation-clean/generated-output/qse/rijksmuseum-instances/db_0.95_100 created successfully.
Invoked:: PostConstraintsAnnotator
MODEL:: CUSTOM - SIZE: 1032 | PARAMS: 95.0 - 100
::: ShapesExtractor ~ WRITING MODEL TO FILE: /home/koen/shape-generation-clean/generated-output/qse/rijksmuseum-instances/DATASET_QSE_0.95_100.ttl
writeModelToFile  - 0 - 0
::: ShapesExtractor ~ PRETTY FORMATTING TURTLE FILE: /home/koen/shape-generation-clean/generated-output/qse/rijksmuseum-instances/DATASET_QSE_0.95_100_SHACL.ttl
Pretty Formatting
prettyFormatTurtle  - 0 - 0
Time Elapsed 0.95_100 0 sec , 0 min
***** Total Parsing Time 59 sec , 0 min *****
/home/koen/shape-generation-clean/generated-output/qse/rijksmuseum-instances/db_0.95_200 created successfully.
Invoked:: PostConstraintsAnnotator
MODEL:: CUSTOM - SIZE: 834 | PARAMS: 95.0 - 200
::: ShapesExtractor ~ WRITING MODEL TO FILE: /home/koen/shape-generation-clean/generated-output/qse/rijksmuseum-instances/DATASET_QSE_0.95_200.ttl
writeModelToFile  - 0 - 0
::: ShapesExtractor ~ PRETTY FORMATTING TURTLE FILE: /home/koen/shape-generation-clean/generated-output/qse/rijksmuseum-instances/DATASET_QSE_0.95_200_SHACL.ttl
Pretty Formatting
prettyFormatTurtle  - 0 - 0
Time Elapsed 0.95_200 0 sec , 0 min
***** Total Parsing Time 59 sec , 0 min *****
Time Elapsed extractSHACLShapes-Time.For.Pruning.Only 6 sec , 0 min
***** Total Parsing Time 65 sec , 0 min *****
[DATASET, Confidence, Support, COUNT_MCC, MIN_CC, AVG_CC, COUNT_CC, MIN_MCC, COUNT_PS, MIN_LC, AVG_MCC, COUNT_NS, AVG_LC, MAX_LC, AVG_PS, MAX_CC, MAX_PS, MAX_MCC, COUNT_LC, MIN_PS, ]
Done
Time Elapsed extractSHACLShapes 9 sec , 0 min
***** Total Parsing Time 74 sec , 0 min *****
STATS: 
	No. of Classes: 14
2026/03/09 13:22:27
